  Ôû▓ Next.js 14.2.34
  - Environments: .env

   Creating an optimized production build ...
